
> build
> next build

  Ôû▓ Next.js 14.2.28
  - Environments: .env.local, .env
  - Experiments (use with caution):
    ┬À outputFileTracingRoot

   Creating an optimized production build ...
node.exe : Failed to compile.
No linha:1 caractere:1
+ & "C:\Program Files\nodejs/node.exe" "C:\Program Files\nodejs/node_mo ...
+ ~~~~~~~~~~~~~~~~~~~~~~~~~~~~~~~~~~~~~~~~~~~~~~~~~~~~~~~~~~~~~~~~~~~~~
    + CategoryInfo          : NotSpecified: (Failed to compile.:String) [], RemoteException
    + FullyQualifiedErrorId : NativeCommandError
 

./app/api/auth/[...nextauth]/authOptions.ts
Error: 
  [31mx[0m Expected ':', got 'any'
    ,-[[36;1;4mC:\Users\Usuario\visadocs-360-mvp\app\api\auth\[...nextauth]\authOptions.ts[0m:29:1]
 [2m29[0m |             role: user.role,
 [2m30[0m |             tenantId: user.tenantId,
 [2m31[0m |             tenantName: user.tenant?.nome || null,
 [2m32[0m |             tenantLogoUrl: (user.tenant? as any).logoUrl || null,
    : [31;1m                                            ^^^[0m
 [2m33[0m |           };
 [2m34[0m |         } else {
 [2m34[0m |           throw new Error("Email ou senha inv├ílidos.");
    `----

Caused by:
    Syntax Error

Import trace for requested module:
./app/api/auth/[...nextauth]/authOptions.ts
./app/api/analise-impacto/route.ts


> Build failed because of webpack errors
